{
    "-profile test": {
        "content": [
            {
                "BINETTE": {
                    "binette": "1.2.1"
                },
                "BINSUMMARIES_RRNA": {
                    "gawk": "5.3.0"
                },
                "BINSUMMARIES_TRNA": {
                    "gawk": "5.3.0"
                },
                "BIN_SUMMARY": {
                    "R": "4.4.2",
                    "metator": "2.0.0"
                },
                "BWAMEM2_INDEX": {
                    "bwamem2": "2.2.1"
                },
                "CHECKM2_PREDICT": {
                    "checkm2": "1.1.0"
                },
                "CONTIG2BINTOFASTA": {
                    "seqkit": "2.9.0"
                },
                "COVERM_CONTIG": {
                    "coverm": "0.7.0"
                },
                "COVERM_GENOME": {
                    "coverm": "0.7.0"
                },
                "CRAMALIGN_BWAMEM2ALIGNHIC": {
                    "bwamem2": "2.2.1",
                    "samtools": "1.22.1"
                },
                "CRAMALIGN_GENCRAMCHUNKS": {
                    "cramchunks": "1.1.0"
                },
                "DASTOOL_DASTOOL": {
                    "dastool": "1.1.7"
                },
                "FASTXALIGN_MINIMAP2ALIGN": {
                    "minimap2": "2.30-r1287",
                    "samtools": "1.23.1",
                    "slice_fasta.py": "1.0.0"
                },
                "FASTXALIGN_PYFASTXINDEX": {
                    "slice_fasta.py": "1.0.0"
                },
                "FILTER_ASSEMBLY": {
                    "seqkit": "2.10.0"
                },
                "FILTER_BAM": {
                    "samtools": 1.21
                },
                "FIX_METATOR_BINS": {
                    "seqkit": "2.13.0"
                },
                "GAWK_FASTATOCONTIG2BIN": {
                    "gawk": "5.3.1"
                },
                "GAWK_MAXBIN2_DEPTHS": {
                    "gawk": "5.3.1"
                },
                "GAWK_RENAME_BINS": {
                    "gawk": "5.3.1"
                },
                "GENOMAD_ENDTOEND": {
                    "genomad": "1.12.0"
                },
                "GENOME_STATS_ASSEMBLIES": {
                    "csvtk": "0.31.2",
                    "seqkit": "2.9.0"
                },
                "GENOME_STATS_BINS": {
                    "csvtk": "0.31.2",
                    "seqkit": "2.9.0"
                },
                "GUNZIP": {
                    "gunzip": 1.13
                },
                "INFERNAL_CMSEARCH": {
                    "gzip": 1.12,
                    "infernal": "1.1.5"
                },
                "MAXBIN2": {
                    "maxbin2": "2.2.7"
                },
                "METABAT2_METABAT2": {
                    "metabat2": 2.17
                },
                "METAMDBG_ASM": {
                    "metamdbg": 1.4
                },
                "METATOR_PIPELINE": {
                    "find": "4.9.0",
                    "gunzip": 1.12,
                    "metator": "1.3.10"
                },
                "MINIMAP2_INDEX": {
                    "minimap2": "2.30-r1287"
                },
                "PAIRTOOLS_PARSESORTFILTER": {
                    "pairtools": "1.1.3",
                    "samtools": "1.23.1"
                },
                "PYRODIGAL": {
                    "pyrodigal": "3.7.1"
                },
                "SAMTOOLS_FAIDX": {
                    "samtools": 1.24
                },
                "SAMTOOLS_INDEX": {
                    "samtools": 1.24
                },
                "SAMTOOLS_MERGE": {
                    "samtools": 1.24
                },
                "SAMTOOLS_MERGEDUP": {
                    "samtools": "1.23.1"
                },
                "SAMTOOLS_SPLITHEADER": {
                    "samtools": 1.24
                },
                "SPLIT_CIRCLES": {
                    "seqkit": "2.13.0"
                },
                "TIARA_TIARA": {
                    "tiara": "1.0.3"
                },
                "TRNASCANSE": {
                    "tRNAscan-SE": "2.0.12"
                },
                "Workflow": {
                    "sanger-tol/metagenomeassembly": "v2.0.0dev"
                }
            },
            [
                "",
                "annotation",
                "annotation/xyTesTing1_metamdbg.faa.gz",
                "annotation/xyTesTing1_metamdbg.fna.gz",
                "annotation/xyTesTing1_metamdbg.gff.gz",
                "annotation/xyTesTing1_metamdbg.score.gz",
                "genomad",
                "genomad/xyTesTing1_metamdbg.contigs_plasmid_summary.tsv",
                "genomad/xyTesTing1_metamdbg.contigs_virus_summary.tsv",
                "mapping",
                "mapping/xyTesTing1_metamdbg.pacbio.bam",
                "qc",
                "taxonomy",
                "taxonomy/log_xyTesTing1_metamdbg.txt",
                "taxonomy/xyTesTing1_metamdbg.txt",
                "xyTesTing1_metamdbg.contigs.fasta.gz",
                "xyTesTing1_metamdbg.stats.tsv"
            ],
            [
                "contig2bin/xyTesTing1_metamdbg_binette.final_contig_to_bin.tsv",
                "contig2bin/xyTesTing1_metamdbg_circular_contig2bin.tsv",
                "contig2bin/xyTesTing1_metamdbg_dastool_DASTool_contig2bin.tsv",
                "contig2bin/xyTesTing1_metamdbg_dastool_contig2bin.tsv",
                "contig2bin/xyTesTing1_metamdbg_maxbin2_contig2bin.tsv",
                "contig2bin/xyTesTing1_metamdbg_metabat2_contig2bin.tsv",
                "contig2bin/xyTesTing1_metamdbg_metator_contig2bin.tsv",
                "log/binette/input_bins_quality_reports/xyTesTing1_metamdbg_binette.input_bins_1.xyTesTing1_metamdbg_maxbin2_contig2bin.tsv",
                "log/binette/input_bins_quality_reports/xyTesTing1_metamdbg_binette.input_bins_2.xyTesTing1_metamdbg_metabat2_contig2bin.tsv",
                "log/binette/input_bins_quality_reports/xyTesTing1_metamdbg_binette.input_bins_3.xyTesTing1_metamdbg_metator_contig2bin.tsv",
                "log/binette/xyTesTing1_metamdbg_binette.final_bins_quality_reports.tsv",
                "log/dastool/xyTesTing1_metamdbg.faa.all.b6",
                "log/dastool/xyTesTing1_metamdbg.faa.archaea.scg",
                "log/dastool/xyTesTing1_metamdbg.faa.bacteria.scg",
                "log/dastool/xyTesTing1_metamdbg.faa.findSCG.b6",
                "log/dastool/xyTesTing1_metamdbg.faa.scg.candidates.faa",
                "log/dastool/xyTesTing1_metamdbg_dastool.seqlength",
                "log/dastool/xyTesTing1_metamdbg_dastool_DASTool.log",
                "log/dastool/xyTesTing1_metamdbg_dastool_DASTool_summary.tsv",
                "log/dastool/xyTesTing1_metamdbg_dastool_allBins.eval",
                "log/maxbin2/xyTesTing1_metamdbg_maxbin2.log.gz",
                "log/maxbin2/xyTesTing1_metamdbg_maxbin2.marker.gz",
                "log/maxbin2/xyTesTing1_metamdbg_maxbin2.marker_of_each_bin.tar.gz",
                "log/maxbin2/xyTesTing1_metamdbg_maxbin2.noclass.gz",
                "log/maxbin2/xyTesTing1_metamdbg_maxbin2.summary",
                "log/maxbin2/xyTesTing1_metamdbg_maxbin2.tooshort.gz",
                "log/metabat2/xyTesTing1_metamdbg_metabat2.tsv.gz",
                "log/metator/bin_summary.txt",
                "log/metator/binning.txt",
                "log/metator/contig_data_final.txt",
                "log/metator/network.txt",
                "log/metator/plot/MAGs_GC_distribution.png",
                "log/metator/plot/MAGs_HiC_cov_distribution.png",
                "log/metator/plot/bins_distribution.png",
                "log/metator/plot/bins_size_distribution.png",
                "qc/xyTesTing1_checkm2_report.tsv",
                "qc/xyTesTing1_metamdbg.binette.minimap2.hifi.cov.stats.depth.tsv",
                "qc/xyTesTing1_metamdbg.circular.minimap2.hifi.cov.stats.depth.tsv",
                "qc/xyTesTing1_metamdbg.dastool.minimap2.hifi.cov.stats.depth.tsv",
                "qc/xyTesTing1_metamdbg.maxbin2.minimap2.hifi.cov.stats.depth.tsv",
                "qc/xyTesTing1_metamdbg.metabat2.minimap2.hifi.cov.stats.depth.tsv",
                "qc/xyTesTing1_metamdbg.metator.minimap2.hifi.cov.stats.depth.tsv",
                "qc/xyTesTing1_metamdbg_binette.rrna_summary.tsv",
                "qc/xyTesTing1_metamdbg_binette.stats.tsv",
                "qc/xyTesTing1_metamdbg_binette.trna_summary.tsv",
                "qc/xyTesTing1_metamdbg_circular.rrna_summary.tsv",
                "qc/xyTesTing1_metamdbg_circular.stats.tsv",
                "qc/xyTesTing1_metamdbg_circular.trna_summary.tsv",
                "qc/xyTesTing1_metamdbg_dastool.rrna_summary.tsv",
                "qc/xyTesTing1_metamdbg_dastool.stats.tsv",
                "qc/xyTesTing1_metamdbg_dastool.trna_summary.tsv",
                "qc/xyTesTing1_metamdbg_maxbin2.rrna_summary.tsv",
                "qc/xyTesTing1_metamdbg_maxbin2.stats.tsv",
                "qc/xyTesTing1_metamdbg_maxbin2.trna_summary.tsv",
                "qc/xyTesTing1_metamdbg_metabat2.rrna_summary.tsv",
                "qc/xyTesTing1_metamdbg_metabat2.stats.tsv",
                "qc/xyTesTing1_metamdbg_metabat2.trna_summary.tsv",
                "qc/xyTesTing1_metamdbg_metator.rrna_summary.tsv",
                "qc/xyTesTing1_metamdbg_metator.stats.tsv",
                "qc/xyTesTing1_metamdbg_metator.trna_summary.tsv",
                "xyTesTing1.bin_summary.tsv",
                "xyTesTing1.group_summary.tsv"
            ]
        ],
        "timestamp": "2026-08-11T15:45:45.182352298",
        "meta": {
            "nf-test": "0.9.5",
            "nextflow": "25.10.4"
        }
    }
}
