{
    "-profile test_withassembly": {
        "content": [
            {
                "BINETTE": {
                    "binette": "1.2.1"
                },
                "BINSUMMARIES_RRNA": {
                    "gawk": "5.3.0"
                },
                "BINSUMMARIES_TRNA": {
                    "gawk": "5.3.0"
                },
                "BIN_SUMMARY": {
                    "R": "4.4.2",
                    "metator": "2.0.0"
                },
                "CENTRIFUGER_CENTRIFUGER": {
                    "centrifuger": "1.1.2-r329"
                },
                "CENTRIFUGER_LINEAGE": {
                    "centrifuger": "1.1.2-r329",
                    "csvtk": "0.37.0"
                },
                "CHECKM2_PREDICT": {
                    "checkm2": "1.1.0"
                },
                "COMEBIN_RUNCOMEBIN": {
                    "comebin": "1.1.0",
                    "cuda": "no CUDA available"
                },
                "COVERM_CONTIG": {
                    "coverm": "0.7.0"
                },
                "COVERM_GENOME": {
                    "coverm": "0.7.0"
                },
                "FASTXALIGN_MINIMAP2ALIGN": {
                    "minimap2": "2.30-r1287",
                    "samtools": "1.23.1",
                    "slice_fasta.py": "1.0.0"
                },
                "FASTXALIGN_PYFASTXINDEX": {
                    "slice_fasta.py": "1.0.0"
                },
                "FILTER_ASSEMBLY": {
                    "seqkit": "2.10.0"
                },
                "GAWK_FASTATOCONTIG2BIN": {
                    "gawk": "5.3.1"
                },
                "GAWK_VAMB_DEPTHS": {
                    "gawk": "5.3.1"
                },
                "GENOME_STATS_ASSEMBLIES": {
                    "csvtk": "0.31.2",
                    "seqkit": "2.9.0"
                },
                "GENOME_STATS_BINS": {
                    "csvtk": "0.31.2",
                    "seqkit": "2.9.0"
                },
                "GUNZIP": {
                    "gunzip": 1.13
                },
                "INFERNAL_CMSEARCH": {
                    "gzip": 1.12,
                    "infernal": "1.1.5"
                },
                "METABAT2_METABAT2": {
                    "metabat2": 2.17
                },
                "MINIMAP2_INDEX": {
                    "minimap2": "2.30-r1287"
                },
                "PYRODIGAL": {
                    "pyrodigal": "3.7.1"
                },
                "SAMTOOLS_FAIDX": {
                    "samtools": 1.24
                },
                "SAMTOOLS_MERGE": {
                    "samtools": 1.24
                },
                "TIARA_TIARA": {
                    "tiara": "1.0.3"
                },
                "TRNASCANSE": {
                    "tRNAscan-SE": "2.0.12"
                },
                "VAMB_BIN": {
                    "vamb": "5.0.4"
                },
                "Workflow": {
                    "sanger-tol/metagenomeassembly": "v2.0.0dev"
                }
            },
            [
                "",
                "annotation",
                "annotation/xyTesTing1_metamdbg.faa.gz",
                "annotation/xyTesTing1_metamdbg.fna.gz",
                "annotation/xyTesTing1_metamdbg.gff.gz",
                "annotation/xyTesTing1_metamdbg.score.gz",
                "mapping",
                "mapping/xyTesTing1_metamdbg.pacbio.bam",
                "qc",
                "taxonomy",
                "taxonomy/log_xyTesTing1_metamdbg.txt",
                "taxonomy/xyTesTing1_metamdbg.lineage.tsv",
                "taxonomy/xyTesTing1_metamdbg.tsv",
                "taxonomy/xyTesTing1_metamdbg.txt",
                "xyTesTing1_metamdbg.stats.tsv"
            ],
            [
                "contig2bin/xyTesTing1_metamdbg_binette.final_contig_to_bin.tsv",
                "contig2bin/xyTesTing1_metamdbg_comebin_contig2bin.tsv",
                "contig2bin/xyTesTing1_metamdbg_metabat2_contig2bin.tsv",
                "contig2bin/xyTesTing1_metamdbg_taxvamb_contig2bin.tsv",
                "log/binette/input_bins_quality_reports/xyTesTing1_metamdbg_binette.input_bins_1.xyTesTing1_metamdbg_comebin_contig2bin.tsv",
                "log/binette/input_bins_quality_reports/xyTesTing1_metamdbg_binette.input_bins_2.xyTesTing1_metamdbg_metabat2_contig2bin.tsv",
                "log/binette/input_bins_quality_reports/xyTesTing1_metamdbg_binette.input_bins_3.xyTesTing1_metamdbg_taxvamb_contig2bin.tsv",
                "log/binette/xyTesTing1_metamdbg_binette.final_bins_quality_reports.tsv",
                "log/comebin/xyTesTing1_metamdbg_comebin/comebin.log",
                "log/comebin/xyTesTing1_metamdbg_comebin/comebin_res.tsv",
                "log/comebin/xyTesTing1_metamdbg_comebin/covembeddings.npy",
                "log/comebin/xyTesTing1_metamdbg_comebin/embedding_ids.txt",
                "log/comebin/xyTesTing1_metamdbg_comebin/embeddings.npy",
                "log/metabat2/xyTesTing1_metamdbg_metabat2.tsv.gz",
                "log/taxvamb/xyTesTing1_metamdbg_taxvamb/abundance.npz",
                "log/taxvamb/xyTesTing1_metamdbg_taxvamb/composition.npz",
                "log/taxvamb/xyTesTing1_metamdbg_taxvamb/log.txt",
                "log/taxvamb/xyTesTing1_metamdbg_taxvamb/results_taxometer.tsv",
                "log/taxvamb/xyTesTing1_metamdbg_taxvamb/vaevae_clusters_metadata.tsv",
                "log/taxvamb/xyTesTing1_metamdbg_taxvamb/vaevae_clusters_unsplit.tsv",
                "qc/xyTesTing1_checkm2_report.tsv",
                "qc/xyTesTing1_metamdbg.binette.minimap2.hifi.cov.stats.depth.tsv",
                "qc/xyTesTing1_metamdbg.comebin.minimap2.hifi.cov.stats.depth.tsv",
                "qc/xyTesTing1_metamdbg.metabat2.minimap2.hifi.cov.stats.depth.tsv",
                "qc/xyTesTing1_metamdbg.taxvamb.minimap2.hifi.cov.stats.depth.tsv",
                "qc/xyTesTing1_metamdbg_binette.rrna_summary.tsv",
                "qc/xyTesTing1_metamdbg_binette.stats.tsv",
                "qc/xyTesTing1_metamdbg_binette.trna_summary.tsv",
                "qc/xyTesTing1_metamdbg_comebin.rrna_summary.tsv",
                "qc/xyTesTing1_metamdbg_comebin.stats.tsv",
                "qc/xyTesTing1_metamdbg_comebin.trna_summary.tsv",
                "qc/xyTesTing1_metamdbg_metabat2.rrna_summary.tsv",
                "qc/xyTesTing1_metamdbg_metabat2.stats.tsv",
                "qc/xyTesTing1_metamdbg_metabat2.trna_summary.tsv",
                "qc/xyTesTing1_metamdbg_taxvamb.rrna_summary.tsv",
                "qc/xyTesTing1_metamdbg_taxvamb.stats.tsv",
                "qc/xyTesTing1_metamdbg_taxvamb.trna_summary.tsv",
                "xyTesTing1.bin_summary.tsv",
                "xyTesTing1.group_summary.tsv"
            ]
        ],
        "timestamp": "2026-09-01T10:37:44.233099052",
        "meta": {
            "nf-test": "0.9.5",
            "nextflow": "25.10.4"
        }
    }
}
